[2025-04-05T20:27:15.486020+02:00] request.INFO: Matched route "app_login". {"route":"app_login","route_parameters":{"_route":"app_login","_controller":"App\\Controller\\SecurityController::login"},"request_uri":"https://serveur.dmqode.be/login","method":"GET"} []
[2025-04-05T20:27:15.517000+02:00] security.DEBUG: Checking for authenticator support. {"firewall_name":"main","authenticators":2} []
[2025-04-05T20:27:15.530492+02:00] security.DEBUG: Checking support on authenticator. {"firewall_name":"main","authenticator":"Symfony\\Component\\Security\\Http\\Authenticator\\Debug\\TraceableAuthenticator"} []
[2025-04-05T20:27:15.530540+02:00] security.DEBUG: Authenticator does not support the request. {"firewall_name":"main","authenticator":"Symfony\\Component\\Security\\Http\\Authenticator\\Debug\\TraceableAuthenticator"} []
[2025-04-05T20:27:15.530574+02:00] security.DEBUG: Checking support on authenticator. {"firewall_name":"main","authenticator":"Symfony\\Component\\Security\\Http\\Authenticator\\Debug\\TraceableAuthenticator"} []
[2025-04-05T20:27:15.530608+02:00] security.DEBUG: Authenticator does not support the request. {"firewall_name":"main","authenticator":"Symfony\\Component\\Security\\Http\\Authenticator\\Debug\\TraceableAuthenticator"} []
[2025-04-05T20:27:33.186894+02:00] request.INFO: Matched route "app_forgot_password_request". {"route":"app_forgot_password_request","route_parameters":{"_route":"app_forgot_password_request","_controller":"App\\Controller\\ResetPasswordController::request"},"request_uri":"https://serveur.dmqode.be/reset-password","method":"GET"} []
[2025-04-05T20:27:33.192075+02:00] security.DEBUG: Checking for authenticator support. {"firewall_name":"main","authenticators":2} []
[2025-04-05T20:27:33.192247+02:00] security.DEBUG: Checking support on authenticator. {"firewall_name":"main","authenticator":"Symfony\\Component\\Security\\Http\\Authenticator\\Debug\\TraceableAuthenticator"} []
[2025-04-05T20:27:33.192380+02:00] security.DEBUG: Authenticator does not support the request. {"firewall_name":"main","authenticator":"Symfony\\Component\\Security\\Http\\Authenticator\\Debug\\TraceableAuthenticator"} []
[2025-04-05T20:27:33.192497+02:00] security.DEBUG: Checking support on authenticator. {"firewall_name":"main","authenticator":"Symfony\\Component\\Security\\Http\\Authenticator\\Debug\\TraceableAuthenticator"} []
[2025-04-05T20:27:33.192614+02:00] security.DEBUG: Authenticator does not support the request. {"firewall_name":"main","authenticator":"Symfony\\Component\\Security\\Http\\Authenticator\\Debug\\TraceableAuthenticator"} []
[2025-04-05T20:27:39.537405+02:00] request.INFO: Matched route "app_forgot_password_request". {"route":"app_forgot_password_request","route_parameters":{"_route":"app_forgot_password_request","_controller":"App\\Controller\\ResetPasswordController::request"},"request_uri":"https://serveur.dmqode.be/reset-password","method":"POST"} []
[2025-04-05T20:27:39.542620+02:00] security.DEBUG: Checking for authenticator support. {"firewall_name":"main","authenticators":2} []
[2025-04-05T20:27:39.542815+02:00] security.DEBUG: Checking support on authenticator. {"firewall_name":"main","authenticator":"Symfony\\Component\\Security\\Http\\Authenticator\\Debug\\TraceableAuthenticator"} []
[2025-04-05T20:27:39.543445+02:00] security.DEBUG: Authenticator does not support the request. {"firewall_name":"main","authenticator":"Symfony\\Component\\Security\\Http\\Authenticator\\Debug\\TraceableAuthenticator"} []
[2025-04-05T20:27:39.543588+02:00] security.DEBUG: Checking support on authenticator. {"firewall_name":"main","authenticator":"Symfony\\Component\\Security\\Http\\Authenticator\\Debug\\TraceableAuthenticator"} []
[2025-04-05T20:27:39.543730+02:00] security.DEBUG: Authenticator does not support the request. {"firewall_name":"main","authenticator":"Symfony\\Component\\Security\\Http\\Authenticator\\Debug\\TraceableAuthenticator"} []
[2025-04-05T20:27:39.558096+02:00] request.DEBUG: CSRF validation accepted using origin info. [] []
[2025-04-05T20:27:39.681643+02:00] request.CRITICAL: Uncaught PHP Exception Error: "Call to undefined method App\Entity\ResetPasswordRequest::setSelector()" at ResetPasswordRequestRepository.php line 49 {"exception":"[object] (Error(code: 0): Call to undefined method App\\Entity\\ResetPasswordRequest::setSelector() at /var/www/serveur/src/Repository/ResetPasswordRequestRepository.php:49)"} []
